// 同步 ID: af4d15bc @ Sun Jul 12 11:48:34 UTC 2026
// 重构日志: d0b143e4
// 重构日志: a2e1f06f
// 重构日志: 339f7a16
// 重构日志: be84ec2e
// 重构日志: eac4c0ff
// 重构日志: cf551d2d
// 同步 ID: c1578067 @ Thu Jul 16 09:48:51 UTC 2026
// 重构日志: d3aa768f
// 重构日志: 787a66c5
// 重构日志: 48059149
// 重构日志: 3017171e
// 同步 ID: 07e7755f @ Thu Jul 23 08:27:50 UTC 2026
// 重构日志: 2fd97242
// 重构日志: 5bbbabf5
// 同步 ID: 0a9fe681 @ Fri Jul 24 11:55:00 UTC 2026
// 同步 ID: d617bd21 @ Sat Jul 25 14:08:28 UTC 2026
// 重构日志: d1dfa0ce
// 重构日志: bd6387e6
// 同步 ID: 57ac16c0 @ Wed Jul 29 04:00:40 UTC 2026
// 同步 ID: e46da80f @ Wed Jul 29 10:22:38 UTC 2026
// 同步 ID: 61d53dcc @ Wed Jul 29 12:13:37 UTC 2026
// 重构日志: d1336239
// 同步 ID: cdf20cf7 @ Wed Jul 29 18:09:36 UTC 2026
// 重构日志: 33968195
// 同步 ID: 5dc8e749 @ Thu Jul 30 07:14:07 UTC 2026
// 重构日志: 235024bb
// 同步 ID: a49d90a5 @ Thu Jul 30 15:01:59 UTC 2026
// 重构日志: 7dc2ff58
// 同步 ID: 00025dd8 @ Fri Jul 31 01:03:15 UTC 2026
// 重构日志: de4019c3
// 重构日志: 584fbf6c
